============================= test session starts =============================
platform win32 -- Python 3.14.0b4, pytest-9.0.1, pluggy-1.6.0
rootdir: D:\downloads\NamoNexus_v1.0
plugins: anyio-4.12.0, asyncio-1.3.0
asyncio: mode=Mode.STRICT, debug=False, asyncio_default_fixture_loop_scope=None, asyncio_default_test_loop_scope=function
collected 22 items / 1 error

=================================== ERRORS ====================================
______________ ERROR collecting tests/test_health_and_reflect.py ______________
C:\Users\Window10\AppData\Local\Python\pythoncore-3.14-64\Lib\site-packages\_pytest\python.py:507: in importtestmodule
    mod = import_path(
C:\Users\Window10\AppData\Local\Python\pythoncore-3.14-64\Lib\site-packages\_pytest\pathlib.py:587: in import_path
    importlib.import_module(module_name)
C:\Users\Window10\AppData\Local\Python\pythoncore-3.14-64\Lib\importlib\__init__.py:88: in import_module
    return _bootstrap._gcd_import(name[level:], package, level)
           ^^^^^^^^^^^^^^^^^^^^^^^^^^^^^^^^^^^^^^^^^^^^^^^^^^^^
<frozen importlib._bootstrap>:1398: in _gcd_import
    ???
<frozen importlib._bootstrap>:1371: in _find_and_load
    ???
<frozen importlib._bootstrap>:1342: in _find_and_load_unlocked
    ???
<frozen importlib._bootstrap>:938: in _load_unlocked
    ???
C:\Users\Window10\AppData\Local\Python\pythoncore-3.14-64\Lib\site-packages\_pytest\assertion\rewrite.py:197: in exec_module
    exec(co, module.__dict__)
tests\test_health_and_reflect.py:4: in <module>
    from main import app
main.py:4: in <module>
    from app.api.gateway import app
E     File "D:\downloads\NamoNexus_v1.0\app\api\gateway.py", line 30
E       """System health check."""
E                              ^
E   SyntaxError: unterminated triple-quoted string literal (detected at line 31)
=========================== short test summary info ===========================
ERROR tests/test_health_and_reflect.py
!!!!!!!!!!!!!!!!!!! Interrupted: 1 error during collection !!!!!!!!!!!!!!!!!!!!
============================== 1 error in 0.77s ===============================
